2026-07-24 14:12:35,414 INFO o.a.j.u.JMeterUtils: Setting Locale to en_EN
2026-07-24 14:12:35,467 INFO o.a.j.JMeter: Loading user properties from: C:\jmeter\apache-jmeter-5.6.3\bin\user.properties
2026-07-24 14:12:35,485 INFO o.a.j.JMeter: Loading system properties from: C:\jmeter\apache-jmeter-5.6.3\bin\system.properties
2026-07-24 14:12:35,492 INFO o.a.j.JMeter: Copyright (c) 1998-2024 The Apache Software Foundation
2026-07-24 14:12:35,493 INFO o.a.j.JMeter: Version 5.6.3
2026-07-24 14:12:35,493 INFO o.a.j.JMeter: java.version=21.0.11
2026-07-24 14:12:35,493 INFO o.a.j.JMeter: java.vm.name=OpenJDK 64-Bit Server VM
2026-07-24 14:12:35,493 INFO o.a.j.JMeter: os.name=Windows 11
2026-07-24 14:12:35,493 INFO o.a.j.JMeter: os.arch=amd64
2026-07-24 14:12:35,493 INFO o.a.j.JMeter: os.version=10.0
2026-07-24 14:12:35,493 INFO o.a.j.JMeter: file.encoding=UTF-8
2026-07-24 14:12:35,493 INFO o.a.j.JMeter: java.awt.headless=true
2026-07-24 14:12:35,493 INFO o.a.j.JMeter: Max memory     =1073741824
2026-07-24 14:12:35,493 INFO o.a.j.JMeter: Available Processors =8
2026-07-24 14:12:35,506 INFO o.a.j.JMeter: Default Locale=English (EN)
2026-07-24 14:12:35,507 INFO o.a.j.JMeter: JMeter  Locale=English (EN)
2026-07-24 14:12:35,507 INFO o.a.j.JMeter: JMeterHome=C:\jmeter\apache-jmeter-5.6.3
2026-07-24 14:12:35,507 INFO o.a.j.JMeter: user.dir  =C:\Users\OLIVE\Desktop\sailingloc_projet\jmeter
2026-07-24 14:12:35,508 INFO o.a.j.JMeter: PWD       =C:\Users\OLIVE\Desktop\sailingloc_projet\jmeter
2026-07-24 14:12:35,516 INFO o.a.j.JMeter: IP: 192.168.1.60 Name: DESKTOP-GQQ1JLA FullName: DESKTOP-GQQ1JLA
2026-07-24 14:12:35,530 ERROR o.a.j.JMeter: An error occurred: 
java.lang.IllegalArgumentException: Cannot write to 'C:\Users\OLIVE\Desktop\sailingloc_projet\jmeter\results\rapport-html' as folder is not empty
	at org.apache.jorphan.util.JOrphanUtils.canSafelyWriteToFolder(JOrphanUtils.java:664) ~[jorphan.jar:5.6.3]
	at org.apache.jorphan.util.JOrphanUtils.canSafelyWriteToFolder(JOrphanUtils.java:620) ~[jorphan.jar:5.6.3]
	at org.apache.jmeter.JMeter.extractAndSetReportOutputFolder(JMeter.java:542) ~[ApacheJMeter_core.jar:5.6.3]
	at org.apache.jmeter.JMeter.start(JMeter.java:492) [ApacheJMeter_core.jar:5.6.3]
	at java.base/jdk.internal.reflect.DirectMethodHandleAccessor.invoke(DirectMethodHandleAccessor.java:103) ~[?:?]
	at java.base/java.lang.reflect.Method.invoke(Method.java:580) ~[?:?]
	at org.apache.jmeter.NewDriver.main(NewDriver.java:259) [ApacheJMeter.jar:5.6.3]
